../Core/Src/main.c:108:5:main	8	static
../Core/Src/main.c:204:6:SystemClock_Config	96	static
../Core/Src/main.c:265:13:MX_DFSDM1_Init	8	static
../Core/Src/main.c:303:13:MX_I2C2_Init	8	static
../Core/Src/main.c:351:13:MX_QUADSPI_Init	8	static
../Core/Src/main.c:384:13:MX_SPI3_Init	8	static
../Core/Src/main.c:424:13:MX_TIM7_Init	24	static
../Core/Src/main.c:462:13:MX_USART1_UART_Init	8	static
../Core/Src/main.c:497:13:MX_USART3_UART_Init	8	static
../Core/Src/main.c:532:13:MX_USB_OTG_FS_PCD_Init	8	static
../Core/Src/main.c:567:13:MX_GPIO_Init	48	static
../Core/Src/main.c:757:6:HAL_GPIO_EXTI_Callback	16	static
../Core/Src/main.c:765:6:HAL_TIM_PeriodElapsedCallback	16	static
../Core/Src/main.c:781:6:StartDefaultTask	24	static
../Core/Src/main.c:807:6:StartTask02	24	static
../Core/Src/main.c:830:6:Error_Handler	4	static,ignoring_inline_asm
